Your company is ready to start using Docker on some of their servers. In order to get started, they want you to set up and configure Docker CE on a server that has already been set up. You will need to make sure that the server meets the following specifications:

Docker CE is installed and running on the server.
Use Docker CE version 5:18.09.5~3-0~ubuntu-bionic.
Any non-root user has permission to run docker commands.
The default logging driver is set to syslog.

[NOTE: Write the series of commands to achieve above in this file below the question scenario with documentation]
=================================================================================
To install Docker Engine, you need the 64-bit version of one of these Ubuntu versions:

Ubuntu Eoan 19.10
Ubuntu Bionic 18.04 (LTS)
Ubuntu Xenial 16.04 (LTS)

1)
Uninstall old versions of Docker
Older versions of Docker were called docker or docker-engine. If these are installed, uninstall them:

$ sudo apt-get remove docker docker-engine

2)
Install packages to allow apt to use a repository over HTTPS:

$sudo apt-get update

$ sudo apt-get install \
    apt-transport-https \
    ca-certificates \
    curl \
    software-properties-common

3)
Add Docker’s official GPG key:

$ curl -fsSL https://download.docker.com/linux/ubu... | sudo apt-key add -

4)
Verify that the key fingerprint is 9DC8 5822 9FC7 DD38 854A E2D8 8D81 803C 0EBF CD88.
$ sudo apt-key fingerprint 0EBFCD88

5)
Use the following command to set up the stable docker ubuntu repository.

$ sudo add-apt-repository \
   "deb [arch=amd64] https://download.docker.com/linux/ubuntu \
   $(lsb_release -cs) \
   stable"

6)
Install Docker
Update the apt package index.
$ sudo apt-get update

To check the available versions of ce in the repo
$ apt-cache madison docker-ce


7)
Install the latest version of Docker.
$ sudo apt-get install docker-ce

OR

Install a specific version of Docker.
$ sudo apt-get install docker-ce=VERSION
$ sudo apt-get install docker-ce=5:18.09.5~3-0~ubuntu-bionic docker-ce-cli=5:18.09.5~3-0~ubuntu-bionic containerd.io


8)
Verify that Docker CE.
$sudo docker version
$ sudo docker run hello-world

POST INSTALLATION:
Manage Docker as a non-root user

create the docker group.

$ sudo groupadd docker
Add your user to the docker group.

$ sudo usermod -aG docker $USER

Log out and log back in so that your group membership is re-evaluated.

or if you get permisson errors try
 
sudo chmod 666 var/run/docker.sock
sudo chmod 777 /var/run/docker.sock


Set default logging driver to syslog.
To configure the Docker daemon to default to a specific logging driver,
 set the value of log-driver to the name of the logging driver in the daemon.json file, 
which is located in /etc/docker/ on Linux hosts.
 The default logging driver is json-file. The following example explicitly sets the default logging driver to syslog:

{
  "log-driver": "syslog"
}

=============================================
How to Install Docker CE on Ubuntu 20.04

sudo apt install apt-transport-https ca-certificates curl gnupg-agent software-properties-common
curl -fsSL https://download.docker.com/linux/ubu... | sudo apt-key add -
sudo bash -c 'echo "deb [arch=amd64] https://download.docker.com/linux/ubuntu eoan stable"  (enter)
/etc/apt/sources.list.d/docker-ce.list'
sudo apt-get update
sudo apt-cache policy docker-ce
sudo apt-get install -y docker-ce docker-ce-cli containerd.io
sudo docker version
===========================================================================================================
Uninstall the Docker Engine, CLI, and Containerd packages:

$ sudo apt-get purge docker-ce docker-ce-cli containerd.io
Images, containers, volumes, or customized configuration files on your host are not automatically removed. To delete all images, containers, and volumes:

$ sudo rm -rf /var/lib/docker
============================================================================
TO remove the setup incase of any error

Remove Docker (this won't delete images, containers, volumes, or customized configuration files):

sudo apt-get purge docker-engine

Remove the Docker apt key:

sudo apt-key del 58118E89F3A912897C070ADBF76221572C52609D

Delete the docker.list file:

sudo rm /etc/apt/sources.list.d/docker.list

Manually delete apt cache files:

sudo rm /var/lib/apt/lists/apt.dockerproject.org_repo_dists_ubuntu-xenial_*

Delete apt-transport-https and ca-certificates:

sudo apt-get purge apt-transport-https ca-certificates

Clean apt and perform autoremove:

sudo apt-get clean && sudo apt-get autoremove

Reboot Ubuntu:

sudo reboot

Run apt-get update:

sudo apt-get update